📄 Consolidated 32 room results across 4 set(s): ['A', 'B', 'C', 'D']
📄 Saved: /Users/macthanakorn/room_booking/ml/saved/metrics_plots/consolidated_results_direct.csv

=== Per-room TestAcc, by set ===
param_set      A     B     C     D
room                              
2C05-06     77.6  79.1  79.4  78.0
2C09        83.5  86.6  87.8  85.0
2C10-11     72.1  75.7  76.8  76.1
2C16-17     75.9  75.1  75.8  76.5
3C05-06     68.8  74.2  75.9  77.2
1C-MEETING  98.6  98.6  98.6  96.6
3C16-17     72.6  73.1  74.9  72.6
4C05        81.8  80.2  80.9  79.6

=== Mean Adaptive Acc per set ===
param_set
A    78.9
B    80.3
C    81.3
D    80.2

=== Mean ensemble weight split per set ===
           lstm_weight_pct  lgb_weight_pct  xgb_weight_pct
param_set                                                 
A                      0.0            37.5            62.5
B                      0.0            62.5            37.5
C                      0.0            75.0            25.0
D                      0.0            75.0            25.0
